INA226.c:85:7:getMaxPossibleCurrent	0	static
INA226.c:90:7:getMaxCurrent	8	static
INA226.c:104:7:getMaxShuntVoltage	8	static
INA226.c:117:7:getMaxPower	8	static
INA226.c:292:9:readRegister	40	static
INA226.c:122:7:readBusPower	8	static
INA226.c:127:7:readShuntCurrent	8	static
INA226.c:132:7:readShuntVoltage	8	static
INA226.c:141:7:readBusVoltage	8	static
INA226.c:150:19:getAverages	8	static
INA226.c:161:22:getBusConversionTime	8	static
INA226.c:172:24:getShuntConversionTime	8	static
INA226.c:183:15:getMode	8	static
INA226.c:198:10:getMaskEnable	8	static
INA226.c:281:6:isMathOverflow	8	static
INA226.c:286:6:isAlert	8	static
INA226.c:309:6:writeRegister16	24	static
INA226.c:49:6:INA226configure	8	static
INA226.c:37:6:INA226begin	16	static
INA226.c:61:6:INA226calibrate	16	static
INA226.c:193:6:setMaskEnable	0	static
INA226.c:251:6:setAlertInvertedPolarity	8	static
INA226.c:266:6:setAlertLatch	8	static
INA226.c:203:6:enableShuntOverLimitAlert	0	static
INA226.c:208:6:enableShuntUnderLimitAlert	0	static
INA226.c:213:6:enableBusOvertLimitAlert	0	static
INA226.c:218:6:enableBusUnderLimitAlert	0	static
INA226.c:223:6:enableOverPowerLimitAlert	0	static
INA226.c:228:6:enableConversionReadyAlert	0	static
INA226.c:233:6:setBusVoltageLimit	8	static
INA226.c:239:6:setShuntVoltageLimit	8	static
INA226.c:245:6:setPowerLimit	0	static
