main.c:121:5:main	8	static
main.c:204:6:SystemClock_Config	184	static
main.c:263:13:MX_CAN1_Init	8	static
main.c:300:13:MX_I2C1_Init	8	static
main.c:346:13:MX_USART2_UART_Init	8	static
main.c:379:13:MX_DMA_Init	16	static
main.c:400:13:MX_GPIO_Init	40	static
main.c:424:9:PCA9685_read	32	static
main.c:432:6:pca9685_init	32	static
main.c:456:6:pca9685_pwm	32	static
main.c:462:6:pca9685_mult_pwm	56	static
main.c:496:6:all_led_off	32	static
main.c:503:19:pca9685_all_pwm	40	static
main.c:511:6:scenario1	24	static
main.c:532:6:scenario2	32	static
main.c:558:6:scenario3	56	dynamic
main.c:600:6:ComUsartTask	24	static
main.c:637:6:StartDefaultTask	16	static
main.c:653:6:HAL_TIM_PeriodElapsedCallback	16	static
main.c:670:6:Error_Handler	4	static,ignoring_inline_asm
