main.c:175:5:main	8	static
main.c:299:6:SystemClock_Config	184	static
main.c:360:13:MX_CAN1_Init	8	static
main.c:397:13:MX_I2C1_Init	8	static
main.c:443:13:MX_I2C3_Init	8	static
main.c:489:13:MX_USART2_UART_Init	8	static
main.c:522:13:MX_DMA_Init	16	static
main.c:543:13:MX_GPIO_Init	40	static
main.c:567:9:PCA9685_read	32	static
main.c:575:6:pca9685_init	32	static
main.c:599:6:pca9685_pwm	32	static
main.c:605:6:pca9685_mult_pwm	56	static
main.c:639:6:all_led_off	32	static
main.c:646:19:pca9685_all_pwm	40	static
main.c:654:6:scenario1	24	static
main.c:675:6:scenario2	32	static
main.c:701:6:scenario3	80	dynamic
main.c:723:6:scenario4	8	static
main.c:746:6:scenario5	32	static
main.c:774:6:Receive_CAN_Message_Polling	64	static
main.c:825:6:ComUsartTask	24	static
main.c:862:6:StartDefaultTask	16	static
main.c:877:6:StartReadTempTask	16	static
main.c:895:6:StartReadLightTask	16	static
main.c:914:6:HAL_TIM_PeriodElapsedCallback	16	static
main.c:931:6:Error_Handler	4	static,ignoring_inline_asm
