AS7341.c:24:6:AS7341init	8	static
AS7341.c:46:22:setASTEP	16	static
AS7341.c:63:22:setATIME	16	static
AS7341.c:82:22:setGain	16	static
AS7341.c:121:6:getTINT	8	static
AS7341.c:130:7:toBasicCounts	32	static
AS7341.c:173:22:readAllChannels	32	static
AS7341.c:220:22:delayForData	16	static
AS7341.c:231:22:readChannel	32	static
AS7341.c:253:10:getChannel	16	static
AS7341.c:258:6:startReading	8	static
AS7341.c:265:6:checkReadingProgress	24	static
AS7341.c:302:6:getAllChannels	24	static
AS7341.c:309:10:detectFlickerHz	24	static
AS7341.c:348:6:setup_F1F4_Clear_NIR	8	static
AS7341.c:372:6:setup_F5F8_Clear_NIR	8	static
AS7341.c:396:6:powerEnable	32	static
AS7341.c:403:22:enableSpectralMeasurement	32	static
AS7341.c:419:6:setHighThreshold	32	static
AS7341.c:426:6:setLowThreshold	32	static
AS7341.c:433:10:getHighThreshold	24	static
AS7341.c:442:10:getLowThreshold	24	static
AS7341.c:468:6:disableAll	24	static
AS7341.c:475:6:getIsDataReady	24	static
AS7341.c:518:6:enableSMUX	24	static
AS7341.c:546:6:enableFlickerDetection	32	static
AS7341.c:553:6:FDConfig	8	static
AS7341.c:584:8:getFlickerDetectStatus	24	static
AS7341.c:595:6:setSMUXCommand	32	static
AS7341.c:607:22:writeRegister	32	static
AS7341.c:632:22:setSMUXLowChannels	24	static
