CO_SDO.c:185:13:CO_SDO_receive	8	static
CO_SDO.c:68:6:CO_memcpy	8	static
CO_SDO.c:75:10:CO_getUint16	8	static
CO_SDO.c:82:10:CO_getUint32	8	static
CO_SDO.c:267:27:CO_ODF_1200	8	static
CO_SDO.c:91:6:CO_setUint16	0	static
CO_SDO.c:98:6:CO_setUint32	0	static
CO_SDO.c:108:6:CO_memcpySwap2	0	static
CO_SDO.c:116:6:CO_memcpySwap4	0	static
CO_SDO.c:753:13:CO_SDO_abort	16	static
CO_SDO.c:126:6:CO_memcpySwap8	0	static
CO_SDO.c:371:6:CO_SDO_initCallback	0	static
CO_SDO.c:414:10:CO_OD_find	20	static
CO_SDO.c:382:6:CO_OD_configure	32	static
CO_SDO.c:285:18:CO_SDO_init	48	static
CO_SDO.c:450:10:CO_OD_getLength	0	static
CO_SDO.c:490:10:CO_OD_getAttribute	12	static
CO_SDO.c:524:7:CO_OD_getDataPointer	0	static
CO_SDO.c:554:10:CO_OD_getFlagsPointer	0	static
CO_SDO.c:568:10:CO_SDO_initTransfer	32	static
CO_SDO.c:618:10:CO_SDO_readOD	24	static,ignoring_inline_asm
CO_SDO.c:683:10:CO_SDO_writeOD	24	static,ignoring_inline_asm
CO_SDO.c:766:8:CO_SDO_process	32	static
