application.c:37:9:initSensor	192	static
application.c:80:6:spectro	32	static
application.c:112:6:temperature	8	static
application.c:116:6:multimetre	8	static
application.c:122:6:scenario	192	static
application.c:145:6:test	32	static
application.c:229:6:test2	8	static
application.c:264:6:programStart	24	static
application.c:429:6:communicationReset	4	static
application.c:435:6:programEnd	4	static
application.c:441:6:programAsync	16	static
application.c:447:6:program1ms	4	static
application.c:451:10:MAP	24	static
