application.c:47:9:initSensor	192	static
application.c:90:6:spectro	32	static
application.c:123:6:calibration	32	static
application.c:154:6:temperature	8	static
application.c:158:6:multimetre	8	static
application.c:164:6:scenario	192	static
application.c:187:6:test	24	static
application.c:273:6:test2	8	static
application.c:308:6:programStart	56	static
application.c:488:6:communicationReset	4	static
application.c:494:6:programEnd	4	static
application.c:500:6:programAsync	16	static
application.c:506:6:program1ms	4	static
application.c:510:10:MAP	24	static
