AS7341.c:23:6:AS7341init	8	static
AS7341.c:41:22:setASTEP	32	static
AS7341.c:66:22:setATIME	32	static
AS7341.c:86:22:setGain	32	static
AS7341.c:106:22:getASTEP	16	static
AS7341.c:119:22:getATIME	16	static
AS7341.c:132:22:getGain	16	static
AS7341.c:145:6:getTINT	8	static
AS7341.c:154:7:toBasicCounts	32	static
AS7341.c:197:10:readAllChannels	32	static
AS7341.c:244:6:delayForData	32	static
AS7341.c:258:10:readChannel	32	static
AS7341.c:274:10:getChannel	16	static
AS7341.c:278:6:startReading	8	static
AS7341.c:284:6:checkReadingProgress	24	static
AS7341.c:321:6:getAllChannels	24	static
AS7341.c:329:10:detectFlickerHz	24	static
AS7341.c:368:6:setup_F1F4_Clear_NIR	8	static
AS7341.c:392:6:setup_F5F8_Clear_NIR	8	static
AS7341.c:416:6:powerEnable	32	static
AS7341.c:423:6:enableSpectralMeasurement	32	static
AS7341.c:440:6:setHighThreshold	32	static
AS7341.c:447:6:setLowThreshold	32	static
AS7341.c:454:10:getHighThreshold	24	static
AS7341.c:463:10:getLowThreshold	24	static
AS7341.c:489:6:disableAll	24	static
AS7341.c:519:6:enableSMUX	24	static
AS7341.c:541:6:enableFlickerDetection	32	static
AS7341.c:548:6:FDConfig	8	static
AS7341.c:579:8:getFlickerDetectStatus	24	static
AS7341.c:590:6:setSMUXCommand	32	static
AS7341.c:597:6:writeRegister	32	static
AS7341.c:605:6:setSMUXLowChannels	16	static
