AS7341.c:24:6:AS7341init	8	static
AS7341.c:46:22:setASTEP	16	static
AS7341.c:63:22:setATIME	24	static
AS7341.c:82:22:setGain	24	static
AS7341.c:121:6:getTINT	8	static
AS7341.c:130:7:toBasicCounts	32	static
AS7341.c:173:22:readAllChannels	32	static
AS7341.c:230:22:delayForData	32	static
AS7341.c:248:22:readChannel	32	static
AS7341.c:270:10:getChannel	16	static
AS7341.c:274:6:startReading	8	static
AS7341.c:281:6:checkReadingProgress	24	static
AS7341.c:318:6:getAllChannels	24	static
AS7341.c:326:10:detectFlickerHz	24	static
AS7341.c:365:6:setup_F1F4_Clear_NIR	8	static
AS7341.c:389:6:setup_F5F8_Clear_NIR	8	static
AS7341.c:413:6:powerEnable	32	static
AS7341.c:420:22:enableSpectralMeasurement	32	static
AS7341.c:448:6:setHighThreshold	32	static
AS7341.c:455:6:setLowThreshold	32	static
AS7341.c:462:10:getHighThreshold	24	static
AS7341.c:471:10:getLowThreshold	24	static
AS7341.c:497:6:disableAll	24	static
AS7341.c:527:6:enableSMUX	24	static
AS7341.c:551:6:enableFlickerDetection	32	static
AS7341.c:558:6:FDConfig	8	static
AS7341.c:589:8:getFlickerDetectStatus	24	static
AS7341.c:600:6:setSMUXCommand	32	static
AS7341.c:610:22:writeRegister	32	static
AS7341.c:635:22:setSMUXLowChannels	24	static
