AS7341.c:23:6:AS7341init	8	static
AS7341.c:44:22:setASTEP	16	static
AS7341.c:61:22:setATIME	24	static
AS7341.c:80:22:setGain	24	static
AS7341.c:119:6:getTINT	8	static
AS7341.c:128:7:toBasicCounts	32	static
AS7341.c:171:22:readAllChannels	32	static
AS7341.c:228:22:delayForData	32	static
AS7341.c:246:22:readChannel	32	static
AS7341.c:268:10:getChannel	16	static
AS7341.c:272:6:startReading	8	static
AS7341.c:279:6:checkReadingProgress	24	static
AS7341.c:316:6:getAllChannels	24	static
AS7341.c:324:10:detectFlickerHz	24	static
AS7341.c:363:6:setup_F1F4_Clear_NIR	8	static
AS7341.c:387:6:setup_F5F8_Clear_NIR	8	static
AS7341.c:411:6:powerEnable	32	static
AS7341.c:418:22:enableSpectralMeasurement	32	static
AS7341.c:435:6:setHighThreshold	32	static
AS7341.c:442:6:setLowThreshold	32	static
AS7341.c:449:10:getHighThreshold	24	static
AS7341.c:458:10:getLowThreshold	24	static
AS7341.c:484:6:disableAll	24	static
AS7341.c:514:6:enableSMUX	24	static
AS7341.c:536:6:enableFlickerDetection	32	static
AS7341.c:543:6:FDConfig	8	static
AS7341.c:574:8:getFlickerDetectStatus	24	static
AS7341.c:585:6:setSMUXCommand	32	static
AS7341.c:592:22:writeRegister	32	static
AS7341.c:617:22:setSMUXLowChannels	16	static
