AS7341.c:19:6:AS7341begin	8	static
AS7341.c:24:6:setASTEP	32	static
AS7341.c:37:6:setATIME	32	static
AS7341.c:45:6:setGain	32	static
AS7341.c:54:10:getASTEP	24	static
AS7341.c:64:9:getATIME	24	static
AS7341.c:73:15:getGain	24	static
AS7341.c:83:6:getTINT	16	static
AS7341.c:90:7:toBasicCounts	40	static
AS7341.c:131:10:readAllChannels	40	static
AS7341.c:178:6:delayForData	32	static
AS7341.c:192:10:readChannel	32	static
AS7341.c:208:10:getChannel	16	static
AS7341.c:212:6:startReading	8	static
AS7341.c:218:6:checkReadingProgress	24	static
AS7341.c:255:6:getAllChannels	24	static
AS7341.c:263:10:detectFlickerHz	24	static
AS7341.c:302:6:setup_F1F4_Clear_NIR	8	static
AS7341.c:326:6:setup_F5F8_Clear_NIR	8	static
AS7341.c:350:6:powerEnable	32	static
AS7341.c:357:6:enableSpectralMeasurement	32	static
AS7341.c:374:6:setHighThreshold	32	static
AS7341.c:381:6:setLowThreshold	32	static
AS7341.c:388:10:getHighThreshold	24	static
AS7341.c:397:10:getLowThreshold	24	static
AS7341.c:423:6:disableAll	24	static
AS7341.c:444:6:AS7341init	32	static
AS7341.c:452:6:enableSMUX	24	static
AS7341.c:474:6:enableFlickerDetection	32	static
AS7341.c:481:6:FDConfig	8	static
AS7341.c:512:8:getFlickerDetectStatus	24	static
AS7341.c:523:6:setSMUXCommand	32	static
AS7341.c:530:6:writeRegister	32	static
AS7341.c:538:6:setSMUXLowChannels	16	static
