AS7341.c:13:6:AS7341begin	8	static
AS7341.c:17:22:setASTEP	32	static
AS7341.c:51:6:setATIME	32	static
AS7341.c:59:6:setGain	32	static
AS7341.c:68:10:getASTEP	24	static
AS7341.c:78:9:getATIME	24	static
AS7341.c:87:15:getGain	24	static
AS7341.c:97:6:getTINT	16	static
AS7341.c:104:7:toBasicCounts	40	static
AS7341.c:145:10:readAllChannels	40	static
AS7341.c:192:6:delayForData	32	static
AS7341.c:206:10:readChannel	32	static
AS7341.c:222:10:getChannel	16	static
AS7341.c:226:6:startReading	8	static
AS7341.c:232:6:checkReadingProgress	24	static
AS7341.c:269:6:getAllChannels	24	static
AS7341.c:277:10:detectFlickerHz	24	static
AS7341.c:316:6:setup_F1F4_Clear_NIR	8	static
AS7341.c:340:6:setup_F5F8_Clear_NIR	8	static
AS7341.c:364:6:powerEnable	32	static
AS7341.c:371:6:enableSpectralMeasurement	32	static
AS7341.c:388:6:setHighThreshold	32	static
AS7341.c:395:6:setLowThreshold	32	static
AS7341.c:402:10:getHighThreshold	24	static
AS7341.c:411:10:getLowThreshold	24	static
AS7341.c:437:6:disableAll	24	static
AS7341.c:458:6:AS7341init	32	static
AS7341.c:466:6:enableSMUX	24	static
AS7341.c:488:6:enableFlickerDetection	32	static
AS7341.c:495:6:FDConfig	8	static
AS7341.c:526:8:getFlickerDetectStatus	24	static
AS7341.c:537:6:setSMUXCommand	32	static
AS7341.c:544:6:writeRegister	32	static
AS7341.c:552:6:setSMUXLowChannels	16	static
