main.c:110:5:main	8	static
main.c:201:6:SystemClock_Config	184	static
main.c:275:13:MX_ADC1_Init	32	static
main.c:331:13:MX_CAN1_Init	8	static
main.c:368:13:MX_I2C1_Init	8	static
main.c:414:13:MX_TIM1_Init	96	static
main.c:492:13:MX_TIM15_Init	96	static
main.c:557:13:MX_USART2_UART_Init	8	static
main.c:590:13:MX_DMA_Init	16	static
main.c:611:13:MX_GPIO_Init	24	static
main.c:632:6:StartDefaultTask	96	static
main.c:871:6:StartReadTempTask	88	static
main.c:945:6:StartReadLightTask	72	static
main.c:977:6:HAL_TIM_PeriodElapsedCallback	16	static
main.c:994:6:Error_Handler	4	static,ignoring_inline_asm
