main.c:162:5:main	8	static
main.c:369:6:SystemClock_Config	184	static
main.c:444:13:MX_ADC1_Init	32	static
main.c:500:13:MX_CAN1_Init	8	static
main.c:536:13:MX_I2C1_Init	8	static
main.c:582:13:MX_I2C3_Init	8	static
main.c:628:13:MX_TIM1_Init	96	static
main.c:706:13:MX_TIM15_Init	96	static
main.c:771:13:MX_USART2_UART_Init	8	static
main.c:804:13:MX_DMA_Init	16	static
main.c:825:13:MX_GPIO_Init	24	static
main.c:1040:6:StartDefaultTask	272	static
main.c:1180:6:StartReadTempTask	88	static
main.c:1254:6:StartReadLightTask	176	static
main.c:1309:6:HAL_TIM_PeriodElapsedCallback	16	static
main.c:1326:6:Error_Handler	4	static
