main.c:163:5:main	88	static
main.c:377:6:SystemClock_Config	184	static
main.c:452:13:MX_ADC1_Init	32	static
main.c:508:13:MX_CAN1_Init	8	static
main.c:544:13:MX_I2C1_Init	8	static
main.c:590:13:MX_I2C3_Init	8	static
main.c:636:13:MX_TIM1_Init	96	static
main.c:714:13:MX_TIM15_Init	96	static
main.c:779:13:MX_USART2_UART_Init	8	static
main.c:812:13:MX_DMA_Init	16	static
main.c:833:13:MX_GPIO_Init	24	static
main.c:1045:6:HAL_CAN_RxFifo0MsgPendingCallback	72	static
main.c:1073:6:StartDefaultTask	288	static
main.c:1259:6:StartReadTempTask	16	static
main.c:1334:6:StartReadLightTask	24	static
main.c:1382:6:HAL_TIM_PeriodElapsedCallback	16	static
main.c:1399:6:Error_Handler	4	static
