main.c:159:5:main	24	static
main.c:367:6:SystemClock_Config	184	static
main.c:442:13:MX_ADC1_Init	32	static
main.c:498:13:MX_CAN1_Init	8	static
main.c:534:13:MX_I2C1_Init	8	static
main.c:580:13:MX_I2C3_Init	8	static
main.c:626:13:MX_TIM1_Init	96	static
main.c:704:13:MX_TIM15_Init	96	static
main.c:769:13:MX_USART2_UART_Init	8	static
main.c:802:13:MX_DMA_Init	16	static
main.c:823:13:MX_GPIO_Init	24	static
main.c:835:13:timerCallback	24	static
main.c:853:14:nmtInd	16	static
main.c:865:13:pdoInd	16	static
main.c:874:13:pdoRecEvent	16	static
main.c:883:13:hbState	16	static
main.c:896:14:sdoServerReadInd	16	static
main.c:912:14:sdoServerCheckWriteInd	16	static
main.c:929:14:sdoServerWriteInd	16	static
main.c:945:13:canInd	16	static
main.c:966:13:commInd	16	static
main.c:1001:13:ledGreenInd	16	static
main.c:1016:13:ledRedInd	16	static
main.c:1030:13:errorHandler	16	static
main.c:1046:6:StartDefaultTask	192	static
main.c:1153:6:StartReadTempTask	88	static
main.c:1227:6:StartReadLightTask	176	static
main.c:1282:6:HAL_TIM_PeriodElapsedCallback	16	static
main.c:1299:6:Error_Handler	4	static
