main.c:118:5:main	8	static
main.c:251:6:SystemClock_Config	184	static
main.c:326:13:MX_ADC1_Init	32	static
main.c:382:13:MX_CAN1_Init	8	static
main.c:419:13:MX_I2C1_Init	8	static
main.c:465:13:MX_I2C3_Init	8	static
main.c:511:13:MX_TIM1_Init	96	static
main.c:589:13:MX_TIM15_Init	96	static
main.c:654:13:MX_USART2_UART_Init	8	static
main.c:687:13:MX_DMA_Init	16	static
main.c:708:13:MX_GPIO_Init	24	static
main.c:729:6:StartDefaultTask	112	static
main.c:823:6:StartReadTempTask	88	static
main.c:897:6:StartReadLightTask	104	static
main.c:952:6:HAL_TIM_PeriodElapsedCallback	16	static
main.c:969:6:Error_Handler	4	static,ignoring_inline_asm
