main.c:128:5:main	8	static
main.c:261:6:SystemClock_Config	184	static
main.c:336:13:MX_ADC1_Init	32	static
main.c:392:13:MX_CAN1_Init	8	static
main.c:429:13:MX_I2C1_Init	8	static
main.c:475:13:MX_I2C3_Init	8	static
main.c:521:13:MX_TIM1_Init	96	static
main.c:599:13:MX_TIM15_Init	96	static
main.c:664:13:MX_USART2_UART_Init	8	static
main.c:697:13:MX_DMA_Init	16	static
main.c:718:13:MX_GPIO_Init	24	static
main.c:739:6:StartDefaultTask	192	static
main.c:842:6:StartReadTempTask	88	static
main.c:916:6:StartReadLightTask	176	static
main.c:971:6:HAL_TIM_PeriodElapsedCallback	16	static
main.c:988:6:Error_Handler	4	static,ignoring_inline_asm
