main.c:93:5:main	8	static
main.c:175:6:SystemClock_Config	184	static
main.c:239:13:MX_I2C1_Init	8	static
main.c:285:13:MX_TIM2_Init	64	static
main.c:344:13:MX_GPIO_Init	40	static
main.c:362:6:pca9685_init	32	static
main.c:386:6:pca9685_pwm	40	static
main.c:398:6:turnOnAll	32	static
main.c:402:6:turnOffAll	32	static
main.c:406:6:upAndDown	40	static
main.c:424:6:onOff	16	static
main.c:444:6:StartDefaultTask	24	static
main.c:483:6:HAL_TIM_PeriodElapsedCallback	16	static
main.c:500:6:Error_Handler	4	static,ignoring_inline_asm
