application.c:50:9:initSensor	104	static
application.c:105:6:spectro	32	static
application.c:135:6:calibration	32	static
application.c:166:6:temperature	8	static
application.c:170:6:multimetre	8	static
application.c:176:6:ventilator	16	static
application.c:180:6:scenario	192	static
application.c:204:6:programStart	24	static
application.c:431:6:communicationReset	4	static
application.c:436:6:programEnd	4	static
application.c:441:6:programAsync	16	static
application.c:446:6:program1ms	4	static
application.c:450:10:MAP	24	static
