application.c:50:9:initSensor	104	static
application.c:119:6:spectro	32	static
application.c:149:6:calibration	32	static
application.c:180:6:temperature	8	static
application.c:184:6:multimetre	8	static
application.c:190:6:ventilator	16	static
application.c:194:6:scenario	192	static
application.c:217:6:test_cycle	16	static
application.c:318:6:programStart	24	static
application.c:484:6:communicationReset	4	static
application.c:489:6:programEnd	4	static
application.c:494:6:programAsync	16	static
application.c:499:6:program1ms	4	static
application.c:503:10:MAP	24	static
