INA226.c:37:6:INA226begin	16	static
INA226.c:49:6:INA226configure	32	static
INA226.c:61:6:INA226calibrate	32	static
INA226.c:85:7:getMaxPossibleCurrent	4	static
INA226.c:90:7:getMaxCurrent	16	static
INA226.c:104:7:getMaxShuntVoltage	16	static
INA226.c:117:7:getMaxPower	8	static
INA226.c:122:7:readBusPower	8	static
INA226.c:127:7:readShuntCurrent	8	static
INA226.c:132:7:readShuntVoltage	16	static
INA226.c:141:7:readBusVoltage	16	static
INA226.c:150:19:getAverages	16	static
INA226.c:161:22:getBusConversionTime	16	static
INA226.c:172:24:getShuntConversionTime	16	static
INA226.c:183:15:getMode	16	static
INA226.c:193:6:setMaskEnable	16	static
INA226.c:198:10:getMaskEnable	8	static
INA226.c:203:6:enableShuntOverLimitAlert	8	static
INA226.c:208:6:enableShuntUnderLimitAlert	8	static
INA226.c:213:6:enableBusOvertLimitAlert	8	static
INA226.c:218:6:enableBusUnderLimitAlert	8	static
INA226.c:223:6:enableOverPowerLimitAlert	8	static
INA226.c:228:6:enableConversionReadyAlert	8	static
INA226.c:233:6:setBusVoltageLimit	24	static
INA226.c:239:6:setShuntVoltageLimit	24	static
INA226.c:245:6:setPowerLimit	24	static
INA226.c:251:6:setAlertInvertedPolarity	24	static
INA226.c:266:6:setAlertLatch	24	static
INA226.c:281:6:isMathOverflow	8	static
INA226.c:286:6:isAlert	8	static
INA226.c:292:9:readRegister	32	static
INA226.c:309:6:writeRegister16	32	static
